++ dirname /Users/irenepiechota-wong/DEV/GO/michaeluuong/audios/audiostag/SCRIPTS
+ PROG_DIR=/Users/irenepiechota-wong/DEV/GO/michaeluuong/audios/audiostag
++ pwd
+ PWD=/Users/irenepiechota-wong/DEV/GO/michaeluuong/audios/audiostag/SCRIPTS
+ echo 'args: /Users/irenepiechota-wong/DEV/GO/michaeluuong/audios/audiostag/audiofiles/Vana2/Vana-In_Your_Name_bw_Pray-Web-2026-FKK'
args: /Users/irenepiechota-wong/DEV/GO/michaeluuong/audios/audiostag/audiofiles/Vana2/Vana-In_Your_Name_bw_Pray-Web-2026-FKK
+ FILE=/Users/irenepiechota-wong/DEV/GO/michaeluuong/audios/audiostag/audiofiles/Vana2/Vana-In_Your_Name_bw_Pray-Web-2026-FKK
+ /Users/irenepiechota-wong/DEV/GO/michaeluuong/audios/audiostag/audiostag --path /Users/irenepiechota-wong/DEV/GO/michaeluuong/audios/audiostag/audiofiles/Vana2/Vana-In_Your_Name_bw_Pray-Web-2026-FKK --album
2026/08/08 20:33:43 INFO found config file from user config directory userConfigFile="/Users/irenepiechota-wong/Library/Application Support/audiostag/config/slog_cfg.json"
2026/08/08 20:33:43 INFO FindConfigFile() EnvVar="" DefaultConfigFilename=slog_cfg.json cFile="/Users/irenepiechota-wong/Library/Application Support/audiostag/config/slog_cfg.json" err=<nil>
2026/08/08 20:33:43 INFO defining rotator rotator="&{Filename:/Users/irenepiechota-wong/DEV/GO/michaeluuong/audios/audiostag/audiostag.log MaxSize:50 MaxAge:30 MaxBackups:30 LocalTime:false Compress:false size:0 file:<nil> mu:{_:{} mu:{state:0 sema:0}} millCh:<nil> startMill:{_:{} done:{_:{} v:0} m:{_:{} mu:{state:0 sema:0}}}}"
Found config file from user config directory, {"userConfigFile":"/Users/irenepiechota-wong/Library/Application Support/audiostag/config/audiostag_cfg.json"}
FindConfigFile(), {"DefaultConfigFilename":"audiostag_cfg.json","EnvVar":"","cFile":"/Users/irenepiechota-wong/Library/Application Support/audiostag/config/audiostag_cfg.json","err":"\u003cnil\u003e"}
Parse(), {"pArg":"PflagArgs{preConditionsFlag:\"\", preReplaceFlag:\"\", replaceFlag:\"\", tagFlag:\"\", keepTagFlag:\"\", albumFolderNameFlag:\"\", caseFlag:\"\", coverArtistFlag:\"\", coverAlbumFlag:\"\", coverFlag:\"\", coverSourceFlag:\"\", dirFlag:\"\", extractExcludeFlag:\"\", fileFlag:\"\", multiDiscFlag:\"\", outFlag:\"\", pathFlag:\"/Users/irenepiechota-wong/DEV/GO/michaeluuong/audios/audiostag/audiofiles/Vana2/Vana-In_Your_Name_bw_Pray-Web-2026-FKK\", playlistNameFlag:\"\", singleArtistFlag:\"\", variousFlag:\"\", albumFlag:true, dummyFilesFlag:false, extractFlag:false, listFlag:false, noArtistSplit:false, noDirectoryRename:false, playlistFlag:false, printTagsFlag:false, setDefaultTagsFlag:false, showArchiveTagsFlag:false, showTagsFlag:false, createExtractArchiveShortcutFlag:false, createShowTagsShortcutFlag:false, testFlag:false, intFlag:0}\n","pflag.Args()":"[]"}
Pflag, {"dir":"/Users/irenepiechota-wong/DEV/GO/michaeluuong/audios/audiostag/audiofiles/Vana2/","filePath":"/Users/irenepiechota-wong/DEV/GO/michaeluuong/audios/audiostag/audiofiles/Vana2/Vana-In_Your_Name_bw_Pray-Web-2026-FKK","filename":"Vana-In_Your_Name_bw_Pray-Web-2026-FKK"}

----------------------------------------------------------------------------------------------------------------------------------
--album extracting and tagging, {"filePath":"/Users/irenepiechota-wong/DEV/GO/michaeluuong/audios/audiostag/audiofiles/Vana2/Vana-In_Your_Name_bw_Pray-Web-2026-FKK"}
ERROR: archives.Identify()|could not identify archive, map[string]string{"err":"matching bz2: read /Users/irenepiechota-wong/DEV/GO/michaeluuong/audios/audiostag/audiofiles/Vana2/Vana-In_Your_Name_bw_Pray-Web-2026-FKK: is a directory", "filename":"/Users/irenepiechota-wong/DEV/GO/michaeluuong/audios/audiostag/audiofiles/Vana2/Vana-In_Your_Name_bw_Pray-Web-2026-FKK"}
setting default tags for /Users/irenepiechota-wong/DEV/GO/michaeluuong/audios/audiostag/audiofiles/Vana2/

AUD-2, {"tagAttr.Audibles":""}
Directories to process, {"dirnames":"[/Users/irenepiechota-wong/DEV/GO/michaeluuong/audios/audiostag/audiofiles/Vana2/Vana-In_Your_Name_bw_Pray-Web-2026-FKK /Users/irenepiechota-wong/DEV/GO/michaeluuong/audios/audiostag/audiofiles/Vana2]"}
dirI: 0, dir: /Users/irenepiechota-wong/DEV/GO/michaeluuong/audios/audiostag/audiofiles/Vana2/Vana-In_Your_Name_bw_Pray-Web-2026-FKK
Renaming file, {"DestDir":"/Users/irenepiechota-wong/DEV/GO/michaeluuong/audios/audiostag/audiofiles/Vana2/Vana-In_Your_Name_bw_Pray-Web-2026-FKK/(2026) In Your Name b+w Pray Web/","OriginalFilePath":"/Users/irenepiechota-wong/DEV/GO/michaeluuong/audios/audiostag/audiofiles/Vana2/Vana-In_Your_Name_bw_Pray-Web-2026-FKK/01-vana-in_your_name-fkk.mp3","OriginalFilename":"01-vana-in_your_name-fkk.mp3","normalizedFilename":"01. In Your Name.mp3"}
Renaming file, {"DestDir":"/Users/irenepiechota-wong/DEV/GO/michaeluuong/audios/audiostag/audiofiles/Vana2/Vana-In_Your_Name_bw_Pray-Web-2026-FKK/(2026) In Your Name b+w Pray Web/","OriginalFilePath":"/Users/irenepiechota-wong/DEV/GO/michaeluuong/audios/audiostag/audiofiles/Vana2/Vana-In_Your_Name_bw_Pray-Web-2026-FKK/02-vana-pray-fkk.mp3","OriginalFilename":"02-vana-pray-fkk.mp3","normalizedFilename":"02. Pray.mp3"}
Rename()|a.DestDir: /Users/irenepiechota-wong/DEV/GO/michaeluuong/audios/audiostag/audiofiles/Vana2/Vana-In_Your_Name_bw_Pray-Web-2026-FKK/
Rename()|a.DestDir: /Users/irenepiechota-wong/DEV/GO/michaeluuong/audios/audiostag/audiofiles/Vana2/Vana

----------------------------------------------------------------------------------------------------------------------------------
Adding song to playlist, {"playlistSong":"\u0026{Vana In Your Name b/w Pray Web 282.174693877551 01. In Your Name.mp3 In Your Name}"}
Adding song to playlist, {"playlistSong":"\u0026{Vana In Your Name b/w Pray Web 209.2930612244898 02. Pray.mp3 Pray}"}
Creating playlist with values from the first file in directory, {"filename":"/Users/irenepiechota-wong/DEV/GO/michaeluuong/audios/audiostag/audiofiles/Vana2/Vana/(2026) In Your Name b+w Pray Web/Vana - In Your Name b+w Pray Web.m3u","playlistSong[0]":"{Vana In Your Name b/w Pray Web 282.174693877551 01. In Your Name.mp3 In Your Name}"}

----------------------------------------------------------------------------------------------------------------------------------
Starting, {"dir":"/Users/irenepiechota-wong/DEV/GO/michaeluuong/audios/audiostag/audiofiles/Vana2/Vana/(2026) In Your Name b+w Pray Web/","outFilenameOpt":"[window false]"}
mp3File: /Users/irenepiechota-wong/DEV/GO/michaeluuong/audios/audiostag/audiofiles/Vana2/Vana/(2026) In Your Name b+w Pray Web/01. In Your Name.mp3
mp3File: /Users/irenepiechota-wong/DEV/GO/michaeluuong/audios/audiostag/audiofiles/Vana2/Vana/(2026) In Your Name b+w Pray Web/02. Pray.mp3
buildTagTable()|cImg.Filename: embedded
coverImage()|cImg.Filename: embedded
ActionSelectEntry()|start
NewActionSelectEntry()|start
totalW: 1367.328125, totalH: 422.468750, ptLen: 15.000000
minW: 170.666672, minH: 10.000000, maxW: 2560.000000, maxH: 1440.000000
totalW: 1419.328125, totalH: 454.468750

----------------------------------------------------------------------------------------------------------------------------------
dirI: 1, dir: /Users/irenepiechota-wong/DEV/GO/michaeluuong/audios/audiostag/audiofiles/Vana2
ERROR: filing.LsEntryName()|nothing to process, map[string]string{"dir":"/Users/irenepiechota-wong/DEV/GO/michaeluuong/audios/audiostag/audiofiles/Vana2", "filename":".*\\.mp3"}
Rename()|a.DestDir: 
Rename()|a.DestDir: 

----------------------------------------------------------------------------------------------------------------------------------
+ echo done
done
