++ dirname /Users/irenepiechota-wong/DEV/GO/michaeluuong/audios/audiostag/SCRIPTS
+ PROG_DIR=/Users/irenepiechota-wong/DEV/GO/michaeluuong/audios/audiostag
++ pwd
+ PWD=/Users/irenepiechota-wong/DEV/GO/michaeluuong/audios/audiostag/SCRIPTS
+ echo 'args: /Users/irenepiechota-wong/DEV/GO/michaeluuong/audios/audiostag/audiofiles/The_Head_And_The_Heart-Live_at_Neumos_(2011)-WEB-2026-ENRiCH.tar'
args: /Users/irenepiechota-wong/DEV/GO/michaeluuong/audios/audiostag/audiofiles/The_Head_And_The_Heart-Live_at_Neumos_(2011)-WEB-2026-ENRiCH.tar
+ FILE='/Users/irenepiechota-wong/DEV/GO/michaeluuong/audios/audiostag/audiofiles/The_Head_And_The_Heart-Live_at_Neumos_(2011)-WEB-2026-ENRiCH.tar'
+ /Users/irenepiechota-wong/DEV/GO/michaeluuong/audios/audiostag/audiostag --path '/Users/irenepiechota-wong/DEV/GO/michaeluuong/audios/audiostag/audiofiles/The_Head_And_The_Heart-Live_at_Neumos_(2011)-WEB-2026-ENRiCH.tar' --show-archive-tags --out window
2026/08/06 20:32:47 INFO found config file from user config directory userConfigFile="/Users/irenepiechota-wong/Library/Application Support/audiostag/config/slog_cfg.json"
2026/08/06 20:32:47 INFO FindConfigFile() EnvVar="" DefaultConfigFilename=slog_cfg.json cFile="/Users/irenepiechota-wong/Library/Application Support/audiostag/config/slog_cfg.json" err=<nil>
2026/08/06 20:32:47 INFO defining rotator rotator="&{Filename:/Users/irenepiechota-wong/DEV/GO/michaeluuong/audios/audiostag/audiostag.log MaxSize:50 MaxAge:30 MaxBackups:30 LocalTime:false Compress:false size:0 file:<nil> mu:{_:{} mu:{state:0 sema:0}} millCh:<nil> startMill:{_:{} done:{_:{} v:0} m:{_:{} mu:{state:0 sema:0}}}}"
Found config file from user config directory, {"userConfigFile":"/Users/irenepiechota-wong/Library/Application Support/audiostag/config/audiostag_cfg.json"}
FindConfigFile(), {"DefaultConfigFilename":"audiostag_cfg.json","EnvVar":"","cFile":"/Users/irenepiechota-wong/Library/Application Support/audiostag/config/audiostag_cfg.json","err":"\u003cnil\u003e"}
Parse(), {"pArg":"PflagArgs{preConditionsFlag:\"\", preReplaceFlag:\"\", replaceFlag:\"\", tagFlag:\"\", keepTagFlag:\"\", albumFolderNameFlag:\"\", caseFlag:\"\", coverArtistFlag:\"\", coverAlbumFlag:\"\", coverFlag:\"\", coverSourceFlag:\"\", dirFlag:\"\", extractExcludeFlag:\"\", fileFlag:\"\", multiDiscFlag:\"\", outFlag:\"window\", pathFlag:\"/Users/irenepiechota-wong/DEV/GO/michaeluuong/audios/audiostag/audiofiles/The_Head_And_The_Heart-Live_at_Neumos_(2011)-WEB-2026-ENRiCH.tar\", playlistNameFlag:\"\", singleArtistFlag:\"\", variousFlag:\"\", albumFlag:false, dummyFilesFlag:false, extractFlag:false, listFlag:false, noArtistSplit:false, noDirectoryRename:false, playlistFlag:false, printTagsFlag:false, setDefaultTagsFlag:false, showArchiveTagsFlag:true, showTagsFlag:false, testFlag:false, intFlag:0}\n","pflag.Args()":"[]"}
Pflag, {"dir":"/Users/irenepiechota-wong/DEV/GO/michaeluuong/audios/audiostag/audiofiles/","filePath":"/Users/irenepiechota-wong/DEV/GO/michaeluuong/audios/audiostag/audiofiles/The_Head_And_The_Heart-Live_at_Neumos_(2011)-WEB-2026-ENRiCH.tar","filename":"The_Head_And_The_Heart-Live_at_Neumos_(2011)-WEB-2026-ENRiCH.tar"}

----------------------------------------------------------------------------------------------------------------------------------
--show-archive-tags|-s list tags in filePath, {"filePath":"/Users/irenepiechota-wong/DEV/GO/michaeluuong/audios/audiostag/audiofiles/The_Head_And_The_Heart-Live_at_Neumos_(2011)-WEB-2026-ENRiCH.tar"}
filename: The_Head_And_The_Heart-Live_at_Neumos_(2011)-WEB-2026-ENRiCH.tar
len(outFilennameOpt): 2, outFilenameOpt[0]: window
buildTagTable()|cImg.Filename: 00-the_head_and_the_heart-live_at_neumos_(2011)-web-2026.jpg
coverImage()|cImg.Filename: 00-the_head_and_the_heart-live_at_neumos_(2011)-web-2026.jpg
ActionSelectEntry()|start
NewActionSelectEntry()|start
totalW: 1900.859375, totalH: 808.328125, ptLen: 27.000000
minW: 94.814812, minH: 10.000000, maxW: 2560.000000, maxH: 1440.000000
totalW: 1952.859375, totalH: 840.328125
buildTagTable()|fileCheck.Checked: false, id.Col: 0
UpdateEntries()|o.Text: , header: TIT2, data: Cats and Dogs (Live at Neumos)
String()|isHead: true
String()|id: TIT2, ok: true
setSubmitButton()|submission: TIT2= \(Live at Neumos\)=
2026/08/06 20:33:37 INFO found config file from user config directory userConfigFile="/Users/irenepiechota-wong/Library/Application Support/audiostag/config/slog_cfg.json"
2026/08/06 20:33:37 INFO FindConfigFile() EnvVar="" DefaultConfigFilename=slog_cfg.json cFile="/Users/irenepiechota-wong/Library/Application Support/audiostag/config/slog_cfg.json" err=<nil>
2026/08/06 20:33:37 INFO defining rotator rotator="&{Filename:/Users/irenepiechota-wong/DEV/GO/michaeluuong/audios/audiostag/audiostag.log MaxSize:50 MaxAge:30 MaxBackups:30 LocalTime:false Compress:false size:0 file:<nil> mu:{_:{} mu:{state:0 sema:0}} millCh:<nil> startMill:{_:{} done:{_:{} v:0} m:{_:{} mu:{state:0 sema:0}}}}"
Found config file from user config directory, {"userConfigFile":"/Users/irenepiechota-wong/Library/Application Support/audiostag/config/audiostag_cfg.json"}
FindConfigFile(), {"DefaultConfigFilename":"audiostag_cfg.json","EnvVar":"","cFile":"/Users/irenepiechota-wong/Library/Application Support/audiostag/config/audiostag_cfg.json","err":"\u003cnil\u003e"}
+ echo done
done
Parse(), {"pArg":"PflagArgs{preConditionsFlag:\"\", preReplaceFlag:\"\", replaceFlag:\"TIT2= \\(Live at Neumos\\)=\", tagFlag:\"\", keepTagFlag:\"\", albumFolderNameFlag:\"\", caseFlag:\"\", coverArtistFlag:\"\", coverAlbumFlag:\"\", coverFlag:\"\", coverSourceFlag:\"\", dirFlag:\"\", extractExcludeFlag:\"\", fileFlag:\"\", multiDiscFlag:\"\", outFlag:\"\", pathFlag:\"/Users/irenepiechota-wong/DEV/GO/michaeluuong/audios/audiostag/audiofiles/The_Head_And_The_Heart-Live_at_Neumos_(2011)-WEB-2026-ENRiCH.tar\", playlistNameFlag:\"\", singleArtistFlag:\"\", variousFlag:\"\", albumFlag:true, dummyFilesFlag:false, extractFlag:false, listFlag:false, noArtistSplit:false, noDirectoryRename:false, playlistFlag:false, printTagsFlag:false, setDefaultTagsFlag:false, showArchiveTagsFlag:false, showTagsFlag:false, testFlag:false, intFlag:0}\n","pflag.Args()":"[]"}
Pflag, {"dir":"/Users/irenepiechota-wong/DEV/GO/michaeluuong/audios/audiostag/audiofiles/","filePath":"/Users/irenepiechota-wong/DEV/GO/michaeluuong/audios/audiostag/audiofiles/The_Head_And_The_Heart-Live_at_Neumos_(2011)-WEB-2026-ENRiCH.tar","filename":"The_Head_And_The_Heart-Live_at_Neumos_(2011)-WEB-2026-ENRiCH.tar"}

----------------------------------------------------------------------------------------------------------------------------------
--album extracting and tagging, {"filePath":"/Users/irenepiechota-wong/DEV/GO/michaeluuong/audios/audiostag/audiofiles/The_Head_And_The_Heart-Live_at_Neumos_(2011)-WEB-2026-ENRiCH.tar"}


----------------------------------------------------------------------------------------------
Extracting archive /Users/irenepiechota-wong/DEV/GO/michaeluuong/audios/audiostag/audiofiles/The_Head_And_The_Heart-Live_at_Neumos_(2011)-WEB-2026-ENRiCH.tar, dir: /Users/irenepiechota-wong/DEV/GO/michaeluuong/audios/audiostag/audiofiles/, fileanme: The_Head_And_The_Heart-Live_at_Neumos_(2011)-WEB-2026-ENRiCH.tar
Archive format identified, {"format.Extension":".tar","format.MediaType()":"application/x-tar"}
Renaming file, {"strRe":".*proof.*","target":"/Users/irenepiechota-wong/DEV/GO/michaeluuong/audios/audiostag/audiofiles/The_Head_And_The_Heart-Live_at_Neumos_(2011)-WEB-2026-ENRiCH/cover.jpg"}
Extracting file, {"permissions":"-rw-r--r--","target":"/Users/irenepiechota-wong/DEV/GO/michaeluuong/audios/audiostag/audiofiles/The_Head_And_The_Heart-Live_at_Neumos_(2011)-WEB-2026-ENRiCH/cover.jpg"}
Extracting file, {"permissions":"-rw-r--r--","target":"/Users/irenepiechota-wong/DEV/GO/michaeluuong/audios/audiostag/audiofiles/The_Head_And_The_Heart-Live_at_Neumos_(2011)-WEB-2026-ENRiCH/01-the_head_and_the_heart-cats_and_dogs_(live_at_neumos)-c98c6617.mp3"}
Extracting file, {"permissions":"-rw-r--r--","target":"/Users/irenepiechota-wong/DEV/GO/michaeluuong/audios/audiostag/audiofiles/The_Head_And_The_Heart-Live_at_Neumos_(2011)-WEB-2026-ENRiCH/02-the_head_and_the_heart-couer_dalene_(live_at_neumos)-dc073623.mp3"}
Extracting file, {"permissions":"-rw-r--r--","target":"/Users/irenepiechota-wong/DEV/GO/michaeluuong/audios/audiostag/audiofiles/The_Head_And_The_Heart-Live_at_Neumos_(2011)-WEB-2026-ENRiCH/03-the_head_and_the_heart-ghosts_(live_at_neumos)-11b0d226.mp3"}
Extracting file, {"permissions":"-rw-r--r--","target":"/Users/irenepiechota-wong/DEV/GO/michaeluuong/audios/audiostag/audiofiles/The_Head_And_The_Heart-Live_at_Neumos_(2011)-WEB-2026-ENRiCH/04-the_head_and_the_heart-long_time_away_(live_at_neumos)-8b848e14.mp3"}
Extracting file, {"permissions":"-rw-r--r--","target":"/Users/irenepiechota-wong/DEV/GO/michaeluuong/audios/audiostag/audiofiles/The_Head_And_The_Heart-Live_at_Neumos_(2011)-WEB-2026-ENRiCH/05-the_head_and_the_heart-sounds_like_hallelujah_(live_at_neumos)-11dbf93f.mp3"}
Extracting file, {"permissions":"-rw-r--r--","target":"/Users/irenepiechota-wong/DEV/GO/michaeluuong/audios/audiostag/audiofiles/The_Head_And_The_Heart-Live_at_Neumos_(2011)-WEB-2026-ENRiCH/06-the_head_and_the_heart-honey_come_home_(live_at_neumos)-cdcd99ed.mp3"}
Extracting file, {"permissions":"-rw-r--r--","target":"/Users/irenepiechota-wong/DEV/GO/michaeluuong/audios/audiostag/audiofiles/The_Head_And_The_Heart-Live_at_Neumos_(2011)-WEB-2026-ENRiCH/07-the_head_and_the_heart-josh_mcbride_(live_at_neumos)-07f20572.mp3"}
Extracting file, {"permissions":"-rw-r--r--","target":"/Users/irenepiechota-wong/DEV/GO/michaeluuong/audios/audiostag/audiofiles/The_Head_And_The_Heart-Live_at_Neumos_(2011)-WEB-2026-ENRiCH/08-the_head_and_the_heart-heaven_go_easy_on_me_(live_at_neumos)-7ddacd36.mp3"}
Extracting file, {"permissions":"-rw-r--r--","target":"/Users/irenepiechota-wong/DEV/GO/michaeluuong/audios/audiostag/audiofiles/The_Head_And_The_Heart-Live_at_Neumos_(2011)-WEB-2026-ENRiCH/09-the_head_and_the_heart-lost_in_my_mind_(live_at_neumos)-16b75f07.mp3"}
Extracting file, {"permissions":"-rw-r--r--","target":"/Users/irenepiechota-wong/DEV/GO/michaeluuong/audios/audiostag/audiofiles/The_Head_And_The_Heart-Live_at_Neumos_(2011)-WEB-2026-ENRiCH/10-the_head_and_the_heart-t_is_for_texas_(blue_yodel_no_1)_(live_at_neumos)-053ea7d8.mp3"}
Extracting file, {"permissions":"-rw-r--r--","target":"/Users/irenepiechota-wong/DEV/GO/michaeluuong/audios/audiostag/audiofiles/The_Head_And_The_Heart-Live_at_Neumos_(2011)-WEB-2026-ENRiCH/11-the_head_and_the_heart-winter_song_(live_at_neumos)-2ac5caea.mp3"}
Extracting file, {"permissions":"-rw-r--r--","target":"/Users/irenepiechota-wong/DEV/GO/michaeluuong/audios/audiostag/audiofiles/The_Head_And_The_Heart-Live_at_Neumos_(2011)-WEB-2026-ENRiCH/12-the_head_and_the_heart-down_in_the_valley_(live_at_neumos)-f4786002.mp3"}
Extracting file, {"permissions":"-rw-r--r--","target":"/Users/irenepiechota-wong/DEV/GO/michaeluuong/audios/audiostag/audiofiles/The_Head_And_The_Heart-Live_at_Neumos_(2011)-WEB-2026-ENRiCH/13-the_head_and_the_heart-rivers_and_roads_(live_at_neumos)-dfb161f0.mp3"}
setting default tags for /Users/irenepiechota-wong/DEV/GO/michaeluuong/audios/audiostag/audiofiles/The_Head_And_The_Heart-Live_at_Neumos_(2011)-WEB-2026-ENRiCH/

AUD-2, {"tagAttr.Audibles":""}
Directories to process, {"dirnames":"[/Users/irenepiechota-wong/DEV/GO/michaeluuong/audios/audiostag/audiofiles/The_Head_And_The_Heart-Live_at_Neumos_(2011)-WEB-2026-ENRiCH]"}
dirI: 0, dir: /Users/irenepiechota-wong/DEV/GO/michaeluuong/audios/audiostag/audiofiles/The_Head_And_The_Heart-Live_at_Neumos_(2011)-WEB-2026-ENRiCH
Renaming file, {"DestDir":"/Users/irenepiechota-wong/DEV/GO/michaeluuong/audios/audiostag/audiofiles/The_Head_And_The_Heart-Live_at_Neumos_(2011)-WEB-2026-ENRiCH/(2026) Live at Neumos (2011)/","OriginalFilePath":"/Users/irenepiechota-wong/DEV/GO/michaeluuong/audios/audiostag/audiofiles/The_Head_And_The_Heart-Live_at_Neumos_(2011)-WEB-2026-ENRiCH/01-the_head_and_the_heart-cats_and_dogs_(live_at_neumos)-c98c6617.mp3","OriginalFilename":"01-the_head_and_the_heart-cats_and_dogs_(live_at_neumos)-c98c6617.mp3","normalizedFilename":"01. Cats and Dogs.mp3"}
Renaming file, {"DestDir":"/Users/irenepiechota-wong/DEV/GO/michaeluuong/audios/audiostag/audiofiles/The_Head_And_The_Heart-Live_at_Neumos_(2011)-WEB-2026-ENRiCH/(2026) Live at Neumos (2011)/","OriginalFilePath":"/Users/irenepiechota-wong/DEV/GO/michaeluuong/audios/audiostag/audiofiles/The_Head_And_The_Heart-Live_at_Neumos_(2011)-WEB-2026-ENRiCH/02-the_head_and_the_heart-couer_dalene_(live_at_neumos)-dc073623.mp3","OriginalFilename":"02-the_head_and_the_heart-couer_dalene_(live_at_neumos)-dc073623.mp3","normalizedFilename":"02. Couer D'Alene.mp3"}
Renaming file, {"DestDir":"/Users/irenepiechota-wong/DEV/GO/michaeluuong/audios/audiostag/audiofiles/The_Head_And_The_Heart-Live_at_Neumos_(2011)-WEB-2026-ENRiCH/(2026) Live at Neumos (2011)/","OriginalFilePath":"/Users/irenepiechota-wong/DEV/GO/michaeluuong/audios/audiostag/audiofiles/The_Head_And_The_Heart-Live_at_Neumos_(2011)-WEB-2026-ENRiCH/03-the_head_and_the_heart-ghosts_(live_at_neumos)-11b0d226.mp3","OriginalFilename":"03-the_head_and_the_heart-ghosts_(live_at_neumos)-11b0d226.mp3","normalizedFilename":"03. Ghosts.mp3"}
Renaming file, {"DestDir":"/Users/irenepiechota-wong/DEV/GO/michaeluuong/audios/audiostag/audiofiles/The_Head_And_The_Heart-Live_at_Neumos_(2011)-WEB-2026-ENRiCH/(2026) Live at Neumos (2011)/","OriginalFilePath":"/Users/irenepiechota-wong/DEV/GO/michaeluuong/audios/audiostag/audiofiles/The_Head_And_The_Heart-Live_at_Neumos_(2011)-WEB-2026-ENRiCH/04-the_head_and_the_heart-long_time_away_(live_at_neumos)-8b848e14.mp3","OriginalFilename":"04-the_head_and_the_heart-long_time_away_(live_at_neumos)-8b848e14.mp3","normalizedFilename":"04. Long Time Away.mp3"}
Renaming file, {"DestDir":"/Users/irenepiechota-wong/DEV/GO/michaeluuong/audios/audiostag/audiofiles/The_Head_And_The_Heart-Live_at_Neumos_(2011)-WEB-2026-ENRiCH/(2026) Live at Neumos (2011)/","OriginalFilePath":"/Users/irenepiechota-wong/DEV/GO/michaeluuong/audios/audiostag/audiofiles/The_Head_And_The_Heart-Live_at_Neumos_(2011)-WEB-2026-ENRiCH/05-the_head_and_the_heart-sounds_like_hallelujah_(live_at_neumos)-11dbf93f.mp3","OriginalFilename":"05-the_head_and_the_heart-sounds_like_hallelujah_(live_at_neumos)-11dbf93f.mp3","normalizedFilename":"05. Sounds Like Hallelujah.mp3"}
Renaming file, {"DestDir":"/Users/irenepiechota-wong/DEV/GO/michaeluuong/audios/audiostag/audiofiles/The_Head_And_The_Heart-Live_at_Neumos_(2011)-WEB-2026-ENRiCH/(2026) Live at Neumos (2011)/","OriginalFilePath":"/Users/irenepiechota-wong/DEV/GO/michaeluuong/audios/audiostag/audiofiles/The_Head_And_The_Heart-Live_at_Neumos_(2011)-WEB-2026-ENRiCH/06-the_head_and_the_heart-honey_come_home_(live_at_neumos)-cdcd99ed.mp3","OriginalFilename":"06-the_head_and_the_heart-honey_come_home_(live_at_neumos)-cdcd99ed.mp3","normalizedFilename":"06. Honey Come Home.mp3"}
Renaming file, {"DestDir":"/Users/irenepiechota-wong/DEV/GO/michaeluuong/audios/audiostag/audiofiles/The_Head_And_The_Heart-Live_at_Neumos_(2011)-WEB-2026-ENRiCH/(2026) Live at Neumos (2011)/","OriginalFilePath":"/Users/irenepiechota-wong/DEV/GO/michaeluuong/audios/audiostag/audiofiles/The_Head_And_The_Heart-Live_at_Neumos_(2011)-WEB-2026-ENRiCH/07-the_head_and_the_heart-josh_mcbride_(live_at_neumos)-07f20572.mp3","OriginalFilename":"07-the_head_and_the_heart-josh_mcbride_(live_at_neumos)-07f20572.mp3","normalizedFilename":"07. Josh McBride.mp3"}
Renaming file, {"DestDir":"/Users/irenepiechota-wong/DEV/GO/michaeluuong/audios/audiostag/audiofiles/The_Head_And_The_Heart-Live_at_Neumos_(2011)-WEB-2026-ENRiCH/(2026) Live at Neumos (2011)/","OriginalFilePath":"/Users/irenepiechota-wong/DEV/GO/michaeluuong/audios/audiostag/audiofiles/The_Head_And_The_Heart-Live_at_Neumos_(2011)-WEB-2026-ENRiCH/08-the_head_and_the_heart-heaven_go_easy_on_me_(live_at_neumos)-7ddacd36.mp3","OriginalFilename":"08-the_head_and_the_heart-heaven_go_easy_on_me_(live_at_neumos)-7ddacd36.mp3","normalizedFilename":"08. Heaven Go Easy On Me.mp3"}
Renaming file, {"DestDir":"/Users/irenepiechota-wong/DEV/GO/michaeluuong/audios/audiostag/audiofiles/The_Head_And_The_Heart-Live_at_Neumos_(2011)-WEB-2026-ENRiCH/(2026) Live at Neumos (2011)/","OriginalFilePath":"/Users/irenepiechota-wong/DEV/GO/michaeluuong/audios/audiostag/audiofiles/The_Head_And_The_Heart-Live_at_Neumos_(2011)-WEB-2026-ENRiCH/09-the_head_and_the_heart-lost_in_my_mind_(live_at_neumos)-16b75f07.mp3","OriginalFilename":"09-the_head_and_the_heart-lost_in_my_mind_(live_at_neumos)-16b75f07.mp3","normalizedFilename":"09. Lost In My Mind.mp3"}
Renaming file, {"DestDir":"/Users/irenepiechota-wong/DEV/GO/michaeluuong/audios/audiostag/audiofiles/The_Head_And_The_Heart-Live_at_Neumos_(2011)-WEB-2026-ENRiCH/(2026) Live at Neumos (2011)/","OriginalFilePath":"/Users/irenepiechota-wong/DEV/GO/michaeluuong/audios/audiostag/audiofiles/The_Head_And_The_Heart-Live_at_Neumos_(2011)-WEB-2026-ENRiCH/10-the_head_and_the_heart-t_is_for_texas_(blue_yodel_no_1)_(live_at_neumos)-053ea7d8.mp3","OriginalFilename":"10-the_head_and_the_heart-t_is_for_texas_(blue_yodel_no_1)_(live_at_neumos)-053ea7d8.mp3","normalizedFilename":"10. T Is For Texas (Blue Yodel No. 1).mp3"}
Renaming file, {"DestDir":"/Users/irenepiechota-wong/DEV/GO/michaeluuong/audios/audiostag/audiofiles/The_Head_And_The_Heart-Live_at_Neumos_(2011)-WEB-2026-ENRiCH/(2026) Live at Neumos (2011)/","OriginalFilePath":"/Users/irenepiechota-wong/DEV/GO/michaeluuong/audios/audiostag/audiofiles/The_Head_And_The_Heart-Live_at_Neumos_(2011)-WEB-2026-ENRiCH/11-the_head_and_the_heart-winter_song_(live_at_neumos)-2ac5caea.mp3","OriginalFilename":"11-the_head_and_the_heart-winter_song_(live_at_neumos)-2ac5caea.mp3","normalizedFilename":"11. Winter Song.mp3"}
Renaming file, {"DestDir":"/Users/irenepiechota-wong/DEV/GO/michaeluuong/audios/audiostag/audiofiles/The_Head_And_The_Heart-Live_at_Neumos_(2011)-WEB-2026-ENRiCH/(2026) Live at Neumos (2011)/","OriginalFilePath":"/Users/irenepiechota-wong/DEV/GO/michaeluuong/audios/audiostag/audiofiles/The_Head_And_The_Heart-Live_at_Neumos_(2011)-WEB-2026-ENRiCH/12-the_head_and_the_heart-down_in_the_valley_(live_at_neumos)-f4786002.mp3","OriginalFilename":"12-the_head_and_the_heart-down_in_the_valley_(live_at_neumos)-f4786002.mp3","normalizedFilename":"12. Down In The Valley.mp3"}
Renaming file, {"DestDir":"/Users/irenepiechota-wong/DEV/GO/michaeluuong/audios/audiostag/audiofiles/The_Head_And_The_Heart-Live_at_Neumos_(2011)-WEB-2026-ENRiCH/(2026) Live at Neumos (2011)/","OriginalFilePath":"/Users/irenepiechota-wong/DEV/GO/michaeluuong/audios/audiostag/audiofiles/The_Head_And_The_Heart-Live_at_Neumos_(2011)-WEB-2026-ENRiCH/13-the_head_and_the_heart-rivers_and_roads_(live_at_neumos)-dfb161f0.mp3","OriginalFilename":"13-the_head_and_the_heart-rivers_and_roads_(live_at_neumos)-dfb161f0.mp3","normalizedFilename":"13. Rivers and Roads.mp3"}
Rename()|a.DestDir: /Users/irenepiechota-wong/DEV/GO/michaeluuong/audios/audiostag/audiofiles/The_Head_And_The_Heart-Live_at_Neumos_(2011)-WEB-2026-ENRiCH/
Rename()|a.DestDir: /Users/irenepiechota-wong/DEV/GO/michaeluuong/audios/audiostag/audiofiles/The Head And The Heart

----------------------------------------------------------------------------------------------------------------------------------
Adding song to playlist, {"playlistSong":"\u0026{The Head And The Heart Live at Neumos (2011) 112.19591836734695 01. Cats and Dogs.mp3 Cats and Dogs}"}
Adding song to playlist, {"playlistSong":"\u0026{The Head And The Heart Live at Neumos (2011) 276.610612244898 02. Couer D'Alene.mp3 Couer D'Alene}"}
Adding song to playlist, {"playlistSong":"\u0026{The Head And The Heart Live at Neumos (2011) 290.0114285714286 03. Ghosts.mp3 Ghosts}"}
Adding song to playlist, {"playlistSong":"\u0026{The Head And The Heart Live at Neumos (2011) 234.94530612244898 04. Long Time Away.mp3 Long Time Away}"}
Adding song to playlist, {"playlistSong":"\u0026{The Head And The Heart Live at Neumos (2011) 198.1648979591837 05. Sounds Like Hallelujah.mp3 Sounds Like Hallelujah}"}
Adding song to playlist, {"playlistSong":"\u0026{The Head And The Heart Live at Neumos (2011) 215.3534693877551 06. Honey Come Home.mp3 Honey Come Home}"}
Adding song to playlist, {"playlistSong":"\u0026{The Head And The Heart Live at Neumos (2011) 300.225306122449 07. Josh McBride.mp3 Josh McBride}"}
Adding song to playlist, {"playlistSong":"\u0026{The Head And The Heart Live at Neumos (2011) 286.7722448979592 08. Heaven Go Easy On Me.mp3 Heaven Go Easy On Me}"}
Adding song to playlist, {"playlistSong":"\u0026{The Head And The Heart Live at Neumos (2011) 326.84408163265306 09. Lost In My Mind.mp3 Lost In My Mind}"}
Adding song to playlist, {"playlistSong":"\u0026{The Head And The Heart Live at Neumos (2011) 222.145306122449 10. T Is For Texas (Blue Yodel No. 1).mp3 T Is For Texas (Blue Yodel No. 1)}"}
Adding song to playlist, {"playlistSong":"\u0026{The Head And The Heart Live at Neumos (2011) 163.97061224489798 11. Winter Song.mp3 Winter Song}"}
Adding song to playlist, {"playlistSong":"\u0026{The Head And The Heart Live at Neumos (2011) 324.5191836734694 12. Down In The Valley.mp3 Down In The Valley}"}
Adding song to playlist, {"playlistSong":"\u0026{The Head And The Heart Live at Neumos (2011) 314.6448979591837 13. Rivers and Roads.mp3 Rivers and Roads}"}
Creating playlist with values from the first file in directory, {"filename":"/Users/irenepiechota-wong/DEV/GO/michaeluuong/audios/audiostag/audiofiles/The Head And The Heart/(2026) Live at Neumos (2011)/The Head And The Heart - Live at Neumos (2011).m3u","playlistSong[0]":"{The Head And The Heart Live at Neumos (2011) 112.19591836734695 01. Cats and Dogs.mp3 Cats and Dogs}"}

----------------------------------------------------------------------------------------------------------------------------------
Starting, {"dir":"/Users/irenepiechota-wong/DEV/GO/michaeluuong/audios/audiostag/audiofiles/The Head And The Heart/(2026) Live at Neumos (2011)/","outFilenameOpt":"[window false]"}
mp3File: /Users/irenepiechota-wong/DEV/GO/michaeluuong/audios/audiostag/audiofiles/The Head And The Heart/(2026) Live at Neumos (2011)/01. Cats and Dogs.mp3
mp3File: /Users/irenepiechota-wong/DEV/GO/michaeluuong/audios/audiostag/audiofiles/The Head And The Heart/(2026) Live at Neumos (2011)/02. Couer D'Alene.mp3
mp3File: /Users/irenepiechota-wong/DEV/GO/michaeluuong/audios/audiostag/audiofiles/The Head And The Heart/(2026) Live at Neumos (2011)/03. Ghosts.mp3
mp3File: /Users/irenepiechota-wong/DEV/GO/michaeluuong/audios/audiostag/audiofiles/The Head And The Heart/(2026) Live at Neumos (2011)/04. Long Time Away.mp3
mp3File: /Users/irenepiechota-wong/DEV/GO/michaeluuong/audios/audiostag/audiofiles/The Head And The Heart/(2026) Live at Neumos (2011)/05. Sounds Like Hallelujah.mp3
mp3File: /Users/irenepiechota-wong/DEV/GO/michaeluuong/audios/audiostag/audiofiles/The Head And The Heart/(2026) Live at Neumos (2011)/06. Honey Come Home.mp3
mp3File: /Users/irenepiechota-wong/DEV/GO/michaeluuong/audios/audiostag/audiofiles/The Head And The Heart/(2026) Live at Neumos (2011)/07. Josh McBride.mp3
mp3File: /Users/irenepiechota-wong/DEV/GO/michaeluuong/audios/audiostag/audiofiles/The Head And The Heart/(2026) Live at Neumos (2011)/08. Heaven Go Easy On Me.mp3
mp3File: /Users/irenepiechota-wong/DEV/GO/michaeluuong/audios/audiostag/audiofiles/The Head And The Heart/(2026) Live at Neumos (2011)/09. Lost In My Mind.mp3
mp3File: /Users/irenepiechota-wong/DEV/GO/michaeluuong/audios/audiostag/audiofiles/The Head And The Heart/(2026) Live at Neumos (2011)/10. T Is For Texas (Blue Yodel No. 1).mp3
mp3File: /Users/irenepiechota-wong/DEV/GO/michaeluuong/audios/audiostag/audiofiles/The Head And The Heart/(2026) Live at Neumos (2011)/11. Winter Song.mp3
mp3File: /Users/irenepiechota-wong/DEV/GO/michaeluuong/audios/audiostag/audiofiles/The Head And The Heart/(2026) Live at Neumos (2011)/12. Down In The Valley.mp3
mp3File: /Users/irenepiechota-wong/DEV/GO/michaeluuong/audios/audiostag/audiofiles/The Head And The Heart/(2026) Live at Neumos (2011)/13. Rivers and Roads.mp3
buildTagTable()|cImg.Filename: embedded
coverImage()|cImg.Filename: embedded
ActionSelectEntry()|start
NewActionSelectEntry()|start
totalW: 1650.828125, totalH: 808.328125, ptLen: 26.000000
minW: 98.461540, minH: 10.000000, maxW: 2560.000000, maxH: 1440.000000
totalW: 1702.828125, totalH: 840.328125

----------------------------------------------------------------------------------------------------------------------------------
